------------------------------------------------------------
TimeQuest Timing Analyzer Summary
------------------------------------------------------------

Type  : Slow 1200mV 85C Model Setup 'rst'
Slack : -1.660
TNS   : -648.811

Type  : Slow 1200mV 85C Model Setup 'clk'
Slack : -0.504
TNS   : -56.290

Type  : Slow 1200mV 85C Model Hold 'clk'
Slack : -2.036
TNS   : -637.048

Type  : Slow 1200mV 85C Model Hold 'rst'
Slack : -1.002
TNS   : -136.302

Type  : Slow 1200mV 85C Model Minimum Pulse Width 'clk'
Slack : -3.000
TNS   : -3.000

Type  : Slow 1200mV 85C Model Minimum Pulse Width 'rst'
Slack : -3.000
TNS   : -3.000

Type  : Slow 1200mV 0C Model Setup 'rst'
Slack : -1.475
TNS   : -606.276

Type  : Slow 1200mV 0C Model Setup 'clk'
Slack : -0.467
TNS   : -63.378

Type  : Slow 1200mV 0C Model Hold 'clk'
Slack : -1.819
TNS   : -555.057

Type  : Slow 1200mV 0C Model Hold 'rst'
Slack : -0.934
TNS   : -130.156

Type  : Slow 1200mV 0C Model Minimum Pulse Width 'clk'
Slack : -3.000
TNS   : -3.000

Type  : Slow 1200mV 0C Model Minimum Pulse Width 'rst'
Slack : -3.000
TNS   : -3.000

Type  : Fast 1200mV 0C Model Setup 'rst'
Slack : -0.386
TNS   : -30.040

Type  : Fast 1200mV 0C Model Setup 'clk'
Slack : 0.303
TNS   : 0.000

Type  : Fast 1200mV 0C Model Hold 'clk'
Slack : -1.389
TNS   : -496.447

Type  : Fast 1200mV 0C Model Hold 'rst'
Slack : -0.732
TNS   : -116.578

Type  : Fast 1200mV 0C Model Minimum Pulse Width 'clk'
Slack : -3.000
TNS   : -123.362

Type  : Fast 1200mV 0C Model Minimum Pulse Width 'rst'
Slack : -3.000
TNS   : -3.000

------------------------------------------------------------
