------------------------------------------------------------
TimeQuest Timing Analyzer Summary
------------------------------------------------------------

Type  : Slow 1200mV 85C Model Setup 'clk'
Slack : -6.757
TNS   : -482.001

Type  : Slow 1200mV 85C Model Setup 'rst'
Slack : -2.458
TNS   : -700.563

Type  : Slow 1200mV 85C Model Hold 'clk'
Slack : -1.810
TNS   : -450.383

Type  : Slow 1200mV 85C Model Hold 'rst'
Slack : -0.616
TNS   : -86.855

Type  : Slow 1200mV 85C Model Minimum Pulse Width 'clk'
Slack : -3.000
TNS   : -3.000

Type  : Slow 1200mV 85C Model Minimum Pulse Width 'rst'
Slack : -3.000
TNS   : -3.000

Type  : Slow 1200mV 0C Model Setup 'clk'
Slack : -5.969
TNS   : -428.592

Type  : Slow 1200mV 0C Model Setup 'rst'
Slack : -2.189
TNS   : -648.677

Type  : Slow 1200mV 0C Model Hold 'clk'
Slack : -1.621
TNS   : -398.130

Type  : Slow 1200mV 0C Model Hold 'rst'
Slack : -0.560
TNS   : -75.964

Type  : Slow 1200mV 0C Model Minimum Pulse Width 'clk'
Slack : -3.000
TNS   : -3.000

Type  : Slow 1200mV 0C Model Minimum Pulse Width 'rst'
Slack : -3.000
TNS   : -3.000

Type  : Fast 1200mV 0C Model Setup 'clk'
Slack : -3.568
TNS   : -209.295

Type  : Fast 1200mV 0C Model Setup 'rst'
Slack : -0.966
TNS   : -66.509

Type  : Fast 1200mV 0C Model Hold 'clk'
Slack : -1.155
TNS   : -350.479

Type  : Fast 1200mV 0C Model Hold 'rst'
Slack : -0.469
TNS   : -88.958

Type  : Fast 1200mV 0C Model Minimum Pulse Width 'clk'
Slack : -3.000
TNS   : -47.765

Type  : Fast 1200mV 0C Model Minimum Pulse Width 'rst'
Slack : -3.000
TNS   : -3.000

------------------------------------------------------------
