------------------------------------------------------------
TimeQuest Timing Analyzer Summary
------------------------------------------------------------

Type  : Slow Model Setup 'iCLK_50'
Slack : -2.804
TNS   : -62.813

Type  : Slow Model Setup 'fdiv:f1|clkout'
Slack : -0.307
TNS   : -4.726

Type  : Slow Model Hold 'fdiv:f1|clkout'
Slack : -3.301
TNS   : -13.188

Type  : Slow Model Hold 'iCLK_50'
Slack : -2.668
TNS   : -2.668

Type  : Slow Model Minimum Pulse Width 'iCLK_50'
Slack : -1.380
TNS   : -34.380

Type  : Slow Model Minimum Pulse Width 'fdiv:f1|clkout'
Slack : -0.500
TNS   : -57.000

Type  : Fast Model Setup 'iCLK_50'
Slack : -0.824
TNS   : -14.158

Type  : Fast Model Setup 'fdiv:f1|clkout'
Slack : 0.391
TNS   : 0.000

Type  : Fast Model Hold 'fdiv:f1|clkout'
Slack : -2.010
TNS   : -8.024

Type  : Fast Model Hold 'iCLK_50'
Slack : -1.659
TNS   : -1.659

Type  : Fast Model Minimum Pulse Width 'iCLK_50'
Slack : -1.380
TNS   : -34.380

Type  : Fast Model Minimum Pulse Width 'fdiv:f1|clkout'
Slack : -0.500
TNS   : -57.000

------------------------------------------------------------
